// Jest Snapshot v1, https://goo.gl/fbAQLP

exports[`should render RelatorioPage correctly 1`] = `
<div>
  <p>
    RelatorioPage
  </p>
</div>
`;
