// Jest Snapshot v1, https://goo.gl/fbAQLP

exports[`should render WelcomePage correctly 1`] = `
<div>
  <p>
    Bem vindo ao seu dashboard de eventos
  </p>
</div>
`;
